single
single
single
single
single
single
single
single
single
single
single
single
single
single
silent
silent
single
silent
silent
single
single
single
single
single
single
single
single
single
single
single
single
single
single
single
single
single
single
single
multi
single
single
single
single
single
single
single
single
single
single
single
single
single
single
single
single
single
single
single
single
single
single
single
single
multi
single
multi
single
single
single
single
single
single
single
single
single
single
single
single
single
single
single
single
single
single
single
single
multi
single
single
single