single
single
single
single
single
single
single
single
single
single
multi
multi
multi
multi
single
single
single
multi
single
single
single
single
multi
multi
single
single
single
single
single
single
single
single
single
single
single
single
single
single
single
multi
multi
multi
multi
multi
single
single
multi
single
single
multi
multi
single
multi
single
single
single
single
single
single
single
single
single
single
single
single
single
single
single
single
multi
multi
multi
single
multi
multi
multi
multi
multi
single
single
single
single
multi
single
multi
multi
single
multi
single
single