single
multi
multi
multi
multi
single
single
single
single
silent
multi
single
single
single
single
single
single
single
single
single
single
single
single
multi
multi
single
silent
silent
single
single
single
single
single
single
single
single
single
single
single
single
single
single
single
single
single
single
single
single
single
single
silent
silent
single
single
single
single
single
single
single
single
single
single
single
single
multi
single
single
single
multi
single
single
single
single
single
single
single
single
single
single
silent
single
single
multi
multi
single
single
single
single
multi
multi