single
single
single
single
single
single
silent
single
single
single
single
single
single
single
single
single
single
silent
single
single
single
single
single
single
single
single
single
single
single
single
single
single
single
single
single
single
single
single
single
single
single
single
single
single
single
single
single
single
single
single
single
single
single
single
single
single
single
single
single
single
single
single
single
single
single
single
single
single
single
single
single
single
single
single
single
single
single
silent
single
single
single
silent
single
single
single
silent
single
single
single
single