single
single
single
single
single
single
single
single
single
single
single
single
single
single
single
single
single
single
single
single
single
single
single
single
single
single
single
single
single
single
single
single
single
single
silent
single
single
single
single
single
single
single
single
single
single
single
single
single
single
single
single
single
single
single
single
single
single
single
single
single
single
single
single
single
single
single
single
single
single
single
single
single
single
single
single
multi
single
single
single
single
single
single
single
single
single
single
single
single
single
single